npm warn Unknown env config "http-proxy". This will stop working in the next major version of npm.

> sites-project@0.1.0 build
> vinext build


  vinext build  (Vite 8.0.13)

[33m▲ [43;33m[[43;30mWARNING[43;33m][0m [1mProxy environment variables detected. We'll use your proxy for fetch requests.[0m


[1/5] analyze client references...
[2Ktransforming...✓ 381 modules transformed.
rendering chunks...
[33m[PLUGIN_TIMINGS] [0mYour build spent significant time in plugins. Here is a breakdown:
  - rsc:virtual-client-package (21%)
  - alias (20%)
  - vinext:og-inline-fetch-assets (11%)
  - vinext:middleware-server-only (8%)
  - vinext:css-data-url (6%)
See https://rolldown.rs/options/checks#plugintimings for more details.

✓ built in 3.91s
[2/5] analyze server references...
[2Ktransforming...✓ 528 modules transformed.
rendering chunks...
[33m[PLUGIN_TIMINGS] [0mYour build spent significant time in plugins. Here is a breakdown:
  - vinext:og-inline-fetch-assets (23%)
  - vinext:middleware-server-only (18%)
  - alias (12%)
  - rsc:virtual-client-package (9%)
  - vinext:css-data-url (8%)
See https://rolldown.rs/options/checks#plugintimings for more details.

✓ built in 3.16s
[3/5] build rsc environment...
[2Ktransforming...✓ 378 modules transformed.
rendering chunks...
computing gzip size...
[33m[PLUGIN_TIMINGS] [0mYour build spent significant time in plugins. Here is a breakdown:
  - rsc:virtual-client-package (25%)
  - alias (23%)
  - vinext:og-inline-fetch-assets (12%)
  - vinext:css-data-url (7%)
  - vinext:middleware-server-only (7%)
See https://rolldown.rs/options/checks#plugintimings for more details.

✓ built in 3.51s
[4/5] build client environment...
[2Ktransforming...✓ 2257 modules transformed.
rendering chunks...
computing gzip size...
[33m[PLUGIN_TIMINGS] [0mYour build spent significant time in plugins. Here is a breakdown:
  - vinext:middleware-server-only (36%)
  - rsc:virtual-client-package (12%)
  - alias (11%)
  - vinext:css-data-url (7%)
  - vinext:jsx-in-js (6%)
See https://rolldown.rs/options/checks#plugintimings for more details.

✓ built in 5.67s
[5/5] build ssr environment...
[2Ktransforming...✓ 536 modules transformed.
rendering chunks...
computing gzip size...
[33m[PLUGIN_TIMINGS] [0mYour build spent significant time in plugins. Here is a breakdown:
  - vinext:og-inline-fetch-assets (17%)
  - vinext:optimize-imports (10%)
  - alias (10%)
  - vinext:css-data-url (9%)
  - rsc:use-client (9%)
See https://rolldown.rs/options/checks#plugintimings for more details.

✓ built in 3.55s
[0m
  Route (app)
  ┌ ? /                                  
  ├ λ /api/assessment                    
  ├ λ /api/assessment-e2                 
  ├ λ /api/assessment-e2-linked          
  ├ λ /api/assessment-e3                 
  ├ λ /api/assessment-e3-linked          
  ├ λ /api/assessment-linked             
  ├ λ /api/assessment-special-linked     
  ├ λ /api/attention/session             
  ├ λ /api/book-preparation/preview      
  ├ λ /api/book-preparation/session      
  ├ λ /api/core                          
  ├ λ /api/core/access                   
  ├ λ /api/core/assignments              
  ├ λ /api/core/coaching                 
  ├ λ /api/core/dashboard                
  ├ λ /api/core/history                  
  ├ λ /api/core/learning-profile         
  ├ λ /api/core/special-program          
  ├ λ /api/educator-analytics            
  ├ λ /api/educator-assessment-context   
  ├ λ /api/educator-assignments          
  ├ λ /api/educator-auth                 
  ├ λ /api/educator-coaching             
  ├ λ /api/educator-enrollment           
  ├ λ /api/educator-learning-profile     
  ├ λ /api/educator-report               
  ├ λ /api/educator-special-family-report
  ├ λ /api/educator-special-programs     
  ├ λ /api/educator-special-reassessment 
  ├ λ /api/educator-student-detail       
  ├ λ /api/educator-student-history      
  ├ λ /api/educator-students             
  ├ λ /api/fast-reading/telemetry        
  ├ λ /api/faz3-origin                   
  ├ λ /api/guardian-auth                 
  ├ λ /api/guardian/coaching             
  ├ λ /api/guardian/dashboard            
  ├ λ /api/guardian/history              
  ├ λ /api/guardian/learning-profile     
  ├ λ /api/guardian/report               
  ├ λ /api/guardian/students             
  ├ λ /api/legacy-handoff                
  ├ λ /api/student-history               
  ├ λ /api/voice                         
  ├ ? /arithmetic                        
  ├ ? /assessment                        
  ├ ? /assessment/e2                     
  ├ ? /assessment/e3                     
  ├ ? /assessment/p2                     
  ├ ? /assignment                        
  ├ ? /attention                         
  ├ ƒ /attention/training                
  ├ ƒ /book-preparation                  
  ├ ƒ /book-preparation/access           
  ├ ? /educator                          
  ├ ? /educator/assessment               
  ├ ? /educator/assessment/e3/report     
  ├ ? /educator/assessment/prescription  
  ├ ? /educator/assessment/report        
  ├ ? /educator/enrollment               
  ├ ? /educator/family-report            
  ├ ? /educator/reset-password           
  ├ ? /educator/special-program          
  ├ ? /educator/special-reassessment     
  ├ ? /effective-notes                   
  ├ ? /full-study                        
  ├ ? /intelligence-games                
  ├ ? /learn                             
  ├ ? /memory                            
  ├ ? /mind-maps                         
  ├ ? /parent                            
  ├ ? /paritmetik                        
  ├ ƒ /phase2                            
  ├ ? /special-work                      
  ├ ? /speed-reading                     
  ├ ? /speed-reading/training            
  ├ ? /studio                            
  └ ? /work                              

  λ API  ƒ Dynamic  ? Unknown

  ? Some routes could not be classified. vinext currently uses static analysis
    and cannot detect dynamic API usage (headers(), cookies(), etc.) at build time.
    Automatic classification will be improved in a future release.

  Build complete. Run `vinext start` to start the production server.

