✔ P2 remains source-reference-only until the full 23-section assessment is centrally restored (1.634439ms)
✔ E3 resolves to central age-linked route (0.330055ms)
✔ E2 resolves to the accepted central 24-36 month assessment route (0.56766ms)
✔ special education profile resolves to central special route (0.358824ms)
✔ unsupported P2 purpose cannot reopen an incomplete central route (0.20353ms)
✔ bridge special profile codes stay aligned with canonical special assessment codes (0.864364ms)
✔ bridge catalog exposes school, early development and ten special profiles (0.599885ms)
✔ context API requires educator auth and linked central student (0.668598ms)
✔ attention v1 covers four executive-attention components (2.333058ms)
✔ attention scoring separates hits, false alarms and omissions (0.622673ms)
✔ strong transfer requires accuracy and response control (0.294233ms)
✔ canonical attention record stores transfer and control evidence without diagnosis (0.46217ms)
✔ educator assessment page uses the central ProfileIntake experience (1.703815ms)
✔ central intake verifies educator-linked student before launch (1.592458ms)
✔ all ten special profiles are exposed from the same central intake (0.382615ms)
✔ special assessment runtime is published under the main CZA public tree (0.555037ms)
✔ published special runtime stays byte-identical to source runtime (4.753436ms)
✔ special runtime accepts central student and profile bootstrap parameters (0.383782ms)
✔ special pre-enrollment intake requires educator login and candidate name without registered student selection (0.602372ms)
core records: 10 assertions passed
✔ tests/core-records.test.mjs (781.763408ms)
✔ working-memory support routes to a low-load guided Audio Anzan prescription (1.724197ms)
✔ relative processing-speed strength is maintained with Flash Anzan instead of being labelled as a deficit (0.266687ms)
✔ insufficient evidence does not generate a work prescription (1.220972ms)
✔ multiple math signals collapse into one arithmetic prescription and higher priority wins (0.426029ms)
✔ E2 V7 central task bank preserves the complete AppDeploy bank (2.112732ms)
✔ E2 adaptive targets remain age-sensitive (1.415107ms)
✔ linked E2 creation requires educator auth and linked central student (0.467297ms)
✔ E2 child completion only completes the whole session when caregiver evidence is already complete (0.855309ms)
✔ E2 caregiver bank stays byte-identical to accepted AppDeploy source (0.315843ms)
✔ E2 evidence API requires educator auth and linked central student on every call (33.10013ms)
✔ E2 caregiver evidence and report share the same central session lifecycle (0.36656ms)
✔ ProfileIntake exposes E2 as central-ready only after UI and caregiver bridge exist (0.77463ms)
✔ E3 has ten independent developmental evidence areas and an 80-task bank structure (5.736132ms)
✔ E3 keeps four age bands, adaptive evidence count and neutral ceiling logic (0.323883ms)
✔ E3 child flow records support, behavior, self-correction and neutral skip without correctness pressure (0.246939ms)
✔ E3 remains an assessment system and does not directly assign CZA training recipes (0.310011ms)
✔ E3 report language remains non-diagnostic and evidence based (0.213185ms)
✔ E3 bank has 10 domains and exactly 8 original tasks per domain (1.9004ms)
✔ E3 uses four completed-month bands and rejects children outside 36-47 months (0.622228ms)
✔ base evidence target rises by age band and weak early evidence adds one discriminating task (0.725794ms)
✔ neutral ceiling probes are excluded from weakness and independence interpretation (0.986271ms)
✔ report language remains educational, non-normative and non-diagnostic (0.91106ms)
✔ linked E3 creation requires central educator-student authorization and completed-month validation (0.386473ms)
✔ E3 API guards the E3 template and separates caregiver source from child task evidence (0.216309ms)
✔ educator launcher asks for birth date and opens the E3-specific route without replacing P2 (0.212371ms)
✔ reset forwards trusted origin and creates a local educator session (33.171814ms)
✔ provider failure is not falsely described as an expired link (4.388705ms)
✔ foreign origins never reach the authentication provider (1.001915ms)
✔ direct origin and forged identity headers are rejected before authentication (2.262925ms)
✔ logout preserves the cookie when durable revocation fails (2.094325ms)
✔ external logout clears the cookie only after upstream sign-out succeeds (2.277443ms)
✔ reset request, reset completion and login use separate distributed limits (4.278815ms)
✔ me preserves dynamic signed educator and never creates a fixed-owner session (1.111674ms)
✔ me still creates the existing fixed-owner local session (5.489387ms)
✔ effective notes v1 covers four note-taking strategies (2.814232ms)
✔ note scoring separates structured accuracy from compression (0.618003ms)
✔ strong note transfer needs accurate selection and compact note (0.411505ms)
✔ canonical note record never stores raw note or pretends semantic grading (0.471407ms)
✔ canonical full-learning contract contains exactly 37 unique ordered stages (2.981323ms)
✔ critical canonical aliases retain their fixed positions (0.41095ms)
✔ progress ignores unknown aliases and returns the next canonical stage (0.446ms)
✔ canonical record stores stage evidence but not raw student text (0.544611ms)
✔ intelligence games v1 covers four reasoning families (2.663333ms)
✔ trial scoring records correctness and revisions separately (0.498402ms)
✔ perfect new-example reasoning produces strong transfer (0.328899ms)
✔ canonical intelligence record does not claim IQ equivalence (0.436718ms)
✔ memory v1 ships four distinct encoding techniques (2.199335ms)
✔ recall scoring rewards targets and penalizes intrusions (0.402145ms)
✔ transfer summary distinguishes strong transfer from guided-practice need (0.307786ms)
✔ canonical record stores strategy, transfer and support without diagnosis (0.47365ms)
✔ every mind-map task uses exactly seven branches (1.030611ms)
✔ mind-map scoring separates completeness from correctness (0.444559ms)
✔ transfer band requires a nearly complete accurate seven-branch map (0.203642ms)
✔ canonical mind-map record preserves seven-branch transfer evidence (0.239792ms)
✔ P2 full assessment contract preserves all 23 original sections (1.294609ms)
✔ P2 full assessment preserves original micro-task scale (0.182943ms)
✔ P2 full assessment preserves 14 main reporting areas (0.145963ms)
✔ incomplete P2 must not be exposed as central ready (0.330568ms)
✔ P2 card opens the dedicated restoration hub instead of the E3-only alert (1.12275ms)
✔ P2 restoration hub exposes the frozen full-source contract (1.409899ms)
✔ central intake is the single profile hub and keeps incomplete P2 behind the restoration boundary (0.525227ms)
✔ pilot package prices remain explicit snapshots (1.678594ms)
✔ Anzan package opens only implemented exercise access (0.335066ms)
✔ planned mind-development capabilities are recorded but not falsely marked ready (1.199129ms)
✔ combined package is a union without claiming unfinished modules are live (0.303015ms)
✔ mind-development and combined packages become fully activatable only after all seven modules are ready (0.235413ms)
✔ package enrollment requires educator auth and linked central student (2.954143ms)
✔ parent decision is stored separately from activation (0.277766ms)
✔ activation requires explicit basis, confirmation and fully ready package (0.308394ms)
✔ free-practice start requires active entitlement while assignment cookie remains controlled bypass (0.186723ms)
✔ student access endpoint exposes only active package entitlements (0.178789ms)
✔ cancelling package revokes enrollment entitlements (0.127535ms)
✔ educator assignment creation reuses central student identity and existing training_recipes (1.853493ms)
✔ student assignment queue is scoped to the authenticated student session (0.31138ms)
✔ Core start validates assignment ownership and records the server recipe (2.118363ms)
✔ assigned studio settings are loaded and locked for the assigned session (0.294391ms)
✔ assessment prescriptions are recomputed server-side and require explicit educator approval (0.364565ms)
✔ educator login verifies the current Neon Auth credential hash locally and creates the CZA session (0.246386ms)
✔ password reset is also a secure educator sign-in fallback and exposes a deploy fingerprint (0.29631ms)
✔ all seven Zihin modules are educator-assignable and launch through native workshops (0.315309ms)
✔ package gate only bypasses entitlement after server-verified assignment ownership (0.40095ms)
✔ hosting binds the repository to canonical Çelik Zihin Akademisi Sites (1.516203ms)
✔ secure Apps Script handoff targets canonical B /work without changing ticket mechanics (0.681356ms)
✔ root metadata identifies the unified Çelik Zihin Akademisi product on canonical B domain (0.527904ms)
✔ active runtime source tree contains no legacy A Sites binding or legacy product identity (33.624496ms)
✔ all special profiles have stable central template codes (1.416806ms)
✔ task codes cannot cross profile boundaries (0.515907ms)
✔ special evidence is normalized for canonical assessment storage (0.611552ms)
✔ invalid task code is rejected (0.647395ms)
✔ daily special API requires authenticated central student (0.95873ms)
✔ student cannot complete a session without all planned goals (0.165888ms)
✔ final session closes program and opens reassessment gate (1.242202ms)
✔ daily session schema is central and idempotent per program session index (0.18858ms)
✔ student work UI exposes only approved-program daily work flow (0.325353ms)
✔ returns next short daily package (1.566894ms)
✔ advances week from completed session count (0.235938ms)
✔ final session becomes reassessment (0.382262ms)
✔ returns null when program is complete (0.255906ms)
✔ special program API requires central educator-student authorization (3.742395ms)
✔ program can only originate from completed special assessment (0.262228ms)
✔ educator approval is an explicit write gate (1.20204ms)
✔ schema keeps program in central identity and prevents duplicate active profile plans (0.188669ms)
✔ builds educator-reviewable four-week program (1.531375ms)
✔ caps cadence and allows priority selection (0.780578ms)
✔ family report API requires educator auth and linked student (1.037887ms)
✔ family report omits raw technical evidence from response contract (0.173338ms)
✔ family report is educator-only print/PDF workflow (0.306532ms)
✔ builds dyslexia learning profile from canonical attempts (2.947339ms)
✔ generic profiles group by educational area instead of diagnosis (1.139185ms)
✔ parent report removes technical raw evidence and uses family-friendly sections (2.008831ms)
✔ parent report summarizes before-after change without exposing scores (0.511994ms)
✔ reassessment requires authorized educator and linked student (1.281894ms)
✔ reassessment only opens after completed special program (0.25067ms)
✔ three fresh probes are required for every selected area (2.071412ms)
✔ one closure comparison is stored per program (0.217411ms)
✔ comparison remains educational and does not auto-diagnose (0.194537ms)
✔ reassessment plan uses only selected priority areas (1.622263ms)
✔ comparison detects improvement and independence change (0.915391ms)
✔ persistent priority never auto-diagnoses (0.386519ms)
✔ speed reading v1 has four balanced training modes (2.518106ms)
✔ reading score combines duration with comprehension (0.591602ms)
✔ poor comprehension blocks speed-only success (0.302764ms)
✔ canonical speed record stores fluency and comprehension transfer (0.368499ms)
✔ studio closes a session and publishes one canonical module record with a stable client id (5.535383ms)
✔ authenticated student session identity is carried into canonical persistence (0.193973ms)
✔ student history is session-bound and reads only the authenticated academy and student ledger (0.267901ms)
✔ student work panel renders history from the canonical history endpoint (0.134992ms)
✔ educator report reads the same learning_records source after teacher-student authorization (0.181351ms)
✔ student session cookie is available to history APIs (0.552717ms)
✔ correcting visible name keeps candidate/cycle/session and resumes first incomplete task (5.80384ms)
✔ new candidate identity cannot retain prior central evidence (1.64095ms)
✔ resumed dyslexia moves from completed phonology to the first pending letter-sound task (0.969967ms)
✔ resumed dyslexia moves into advanced domains and finishes on final summary (2.054465ms)
✔ complete generic adaptive route resumes to summary instead of task 1 (1.639618ms)
✔ actual dyslexia domain helpers preserve completed evidence across LS and advanced routes (5.670746ms)
✔ unavailable central auth must not silently advance an untracked V01 candidate (1.483066ms)
✔ local static preview remains usable without creating any central student identity (1.879876ms)
✔ same candidate, educator, academy and cycle resumes and reload reads central evidence (288.309018ms)
✔ same display name never merges two candidate UUIDs or two cycles (87.630117ms)
✔ concurrent create has one active session and loser resumes winner (82.211261ms)
✔ unauthenticated, other educator and other academy cannot read candidate session (59.683482ms)
✔ missing unique index fails closed; invalid candidate identity is rejected (58.313204ms)
✔ same named index with reordered keys, broader predicate or invalid definition fails closed (513.501894ms)
✔ corrected display name resumes same candidate and central evidence (30.137384ms)
✔ work panel uses the authenticated CZA Core session for start, attempts and finish (5.66883ms)
✔ educator work reports resolve by central student id and read attempts by student_id (0.287ms)
✔ student list opens the work report with Student ID even when no campus code exists (0.304856ms)
ℹ tests 167
ℹ suites 0
ℹ pass 167
ℹ fail 0
ℹ cancelled 0
ℹ skipped 0
ℹ todo 0
ℹ duration_ms 9923.7012
