
> sites-project@0.1.0 build
> vinext build


  vinext build  (Vite 8.0.13)

[33m▲ [43;33m[[43;30mWARNING[43;33m][0m [1mProxy environment variables detected. We'll use your proxy for fetch requests.[0m


[1/5] analyze client references...
[2Ktransforming...✓ 382 modules transformed.
rendering chunks...
[33m[PLUGIN_TIMINGS] [0mYour build spent significant time in plugins. Here is a breakdown:
  - alias (21%)
  - rsc:virtual-client-package (20%)
  - vinext:og-inline-fetch-assets (13%)
  - vinext:css-data-url (9%)
  - vinext:middleware-server-only (8%)
See https://rolldown.rs/options/checks#plugintimings for more details.

✓ built in 5.49s
[2/5] analyze server references...
[2Ktransforming...✓ 529 modules transformed.
rendering chunks...
✓ built in 2.71s
[3/5] build rsc environment...
[2Ktransforming...✓ 379 modules transformed.
rendering chunks...
computing gzip size...
✓ built in 4.58s
[4/5] build client environment...
[2Ktransforming...✓ 2258 modules transformed.
rendering chunks...
computing gzip size...
✓ built in 5.76s
[5/5] build ssr environment...
[2Ktransforming...✓ 537 modules transformed.
rendering chunks...
computing gzip size...
✓ built in 3.29s
[0m
  Route (app)
  ┌ ? /                                  
  ├ λ /api/assessment                    
  ├ λ /api/assessment-e2                 
  ├ λ /api/assessment-e2-linked          
  ├ λ /api/assessment-e3                 
  ├ λ /api/assessment-e3-linked          
  ├ λ /api/assessment-linked             
  ├ λ /api/assessment-special-linked     
  ├ λ /api/attention/session             
  ├ λ /api/book-preparation/preview      
  ├ λ /api/book-preparation/session      
  ├ λ /api/core                          
  ├ λ /api/core/access                   
  ├ λ /api/core/assignments              
  ├ λ /api/core/coaching                 
  ├ λ /api/core/dashboard                
  ├ λ /api/core/history                  
  ├ λ /api/core/learning-profile         
  ├ λ /api/core/special-program          
  ├ λ /api/educator-analytics            
  ├ λ /api/educator-assessment-context   
  ├ λ /api/educator-assignments          
  ├ λ /api/educator-auth                 
  ├ λ /api/educator-coaching             
  ├ λ /api/educator-enrollment           
  ├ λ /api/educator-learning-profile     
  ├ λ /api/educator-report               
  ├ λ /api/educator-special-family-report
  ├ λ /api/educator-special-programs     
  ├ λ /api/educator-special-reassessment 
  ├ λ /api/educator-student-detail       
  ├ λ /api/educator-student-history      
  ├ λ /api/educator-students             
  ├ λ /api/fast-reading/telemetry        
  ├ λ /api/faz3-origin                   
  ├ λ /api/guardian-auth                 
  ├ λ /api/guardian/coaching             
  ├ λ /api/guardian/dashboard            
  ├ λ /api/guardian/history              
  ├ λ /api/guardian/learning-profile     
  ├ λ /api/guardian/report               
  ├ λ /api/guardian/students             
  ├ λ /api/legacy-handoff                
  ├ λ /api/student-history               
  ├ λ /api/voice                         
  ├ ? /arithmetic                        
  ├ ? /assessment                        
  ├ ? /assessment/e2                     
  ├ ? /assessment/e3                     
  ├ ? /assessment/p2                     
  ├ ? /assignment                        
  ├ ? /attention                         
  ├ ƒ /attention/training                
  ├ ƒ /book-preparation                  
  ├ ƒ /book-preparation/access           
  ├ ? /educator                          
  ├ ? /educator/assessment               
  ├ ? /educator/assessment/e3/report     
  ├ ? /educator/assessment/prescription  
  ├ ? /educator/assessment/report        
  ├ ? /educator/enrollment               
  ├ ? /educator/family-report            
  ├ ? /educator/reset-password           
  ├ ? /educator/special-program          
  ├ ? /educator/special-reassessment     
  ├ ? /effective-notes                   
  ├ ? /full-study                        
  ├ ? /intelligence-games                
  ├ ? /learn                             
  ├ ? /memory                            
  ├ ? /mind-maps                         
  ├ ? /parent                            
  ├ ? /paritmetik                        
  ├ ƒ /phase2                            
  ├ ? /special-work                      
  ├ ? /speed-reading                     
  ├ ? /speed-reading/training            
  ├ ? /studio                            
  └ ? /work                              

  λ API  ƒ Dynamic  ? Unknown

  ? Some routes could not be classified. vinext currently uses static analysis
    and cannot detect dynamic API usage (headers(), cookies(), etc.) at build time.
    Automatic classification will be improved in a future release.

  Build complete. Run `vinext start` to start the production server.

npm notice
npm notice New major version of npm available! 11.9.0 -> 12.2.0
npm notice Changelog: https://github.com/npm/cli/releases/tag/v12.2.0
npm notice To update run: npm install -g npm@12.2.0
npm notice
