✔ V01 untrusted pull request builds never receive staging secrets or publish a Worker (1.982642ms)
✔ V01 and T5 former privileged PR workflows are disabled (2.023779ms)
✔ reset forwards trusted origin and creates a local educator session (39.506778ms)
✔ provider failure is not falsely described as an expired link (5.117621ms)
✔ foreign origins never reach the authentication provider (1.098676ms)
✔ direct origin and forged identity headers are rejected before authentication (2.053496ms)
✔ logout preserves the cookie when durable revocation fails (2.225063ms)
✔ external logout clears the cookie only after upstream sign-out succeeds (2.873802ms)
✔ reset request, reset completion and login use separate distributed limits (7.729482ms)
✔ me preserves dynamic signed educator and never creates a fixed-owner session (0.7667ms)
✔ me still creates the existing fixed-owner local session (0.667023ms)
✔ bounded reader returns strict normalized input and the exact body digest (26.497393ms)
✔ root primitives, arrays, unknown fields and prototype keys are rejected (2.765706ms)
✔ chunked bodies are cancelled as soon as they exceed 64 KiB (1.501431ms)
✔ declared size and media type fail before JSON parsing (0.810808ms)
✔ normal login without proxy signature, verified-ID canonical mapping and linked student API (4125.45271ms)
✔ student canonical mapping DENY, regardless of provider email/role (2128.591171ms)
✔ inactive canonical mapping DENY, regardless of provider email/role (2077.568838ms)
✔ unmapped canonical mapping DENY, regardless of provider email/role (1931.499546ms)
✔ ambiguous canonical mapping DENY, regardless of provider email/role (1991.733775ms)
✔ no-academy canonical mapping DENY, regardless of provider email/role (1965.172633ms)
✔ expired, revoked, inconsistent and absent provider sessions fail closed without owner fallback (1815.907913ms)
✔ forged identity/signature headers and duplicate session cookies cannot authorize (1889.489472ms)
✔ wrong origin, cross-site, unconfigured target, HMAC/nonce failure and rate gate DENY (2019.072278ms)
✔ logout revokes provider session; old cookie is unusable; failed revocation is not success (1854.493698ms)
✔ provider redirect/network failure exposes no raw secret/token/error and no local fallback (2001.445792ms)
✔ provider credential rejection and missing session cookie never create a browser session (1953.73033ms)
✔ canonical can_view revocation is respected on the next actual student-list read (2013.924641ms)
✔ body lifecycle: actual assignment POST remains readable after authenticated handoff (2000.063371ms)
✔ body lifecycle: undeclared and chunked oversized auth bodies return 413 without sibling cancellation (2062.77547ms)
✔ body lifecycle: exact 64 KiB body hash and downstream bytes are preserved (1969.119959ms)
✔ provider cookie contract: observed login cookie is extracted and restored for get-session and logout (1791.321901ms)
✔ provider cookie contract: wrong legacy cookie name alone cannot create a session (1750.6543ms)
✔ Neon reset requests only the unique active canonical educator and never creates a session (1729.139085ms)
✔ Neon reset rejects ambiguous and inactive educator mapping without provider email (1897.784291ms)
✔ Neon reset token completes at provider without a local educator session (1828.234796ms)
✔ Neon reset provider failures, invalid token and rate gate are safe (1970.618091ms)
✔ immutable same-worker version preview signs in with unchanged canonical role binding (2162.286857ms)
✔ version preview cannot allow other workers, aliases or cross-origin posts (2113.644831ms)
✔ explicit fixed same-worker alias works without trusting sibling aliases (1868.645582ms)
✔ QA auth accepts only explicit QA origin and fixed synthetic provider (134.766336ms)
✔ forged trusted headers and cross-site ingress fail closed (29.89818ms)
✔ wrong DB target rejected before rate-limit writes or provider authentication (28.590224ms)
✔ QA password reset disabled without changing existing credentials (26.551624ms)
✔ ordinary Neon staging ingress remains restricted to existing provider (23.866075ms)
✔ same project with a different branch is rejected before writes (36.687166ms)
✔ failed canonical mapping never hides failed provider revocation (23.277884ms)
✔ correcting visible name keeps candidate/cycle/session and resumes first incomplete task (5.041874ms)
✔ new candidate identity cannot retain prior central evidence (1.162116ms)
✔ resumed dyslexia moves from completed phonology to the first pending letter-sound task (0.995476ms)
✔ resumed dyslexia moves into advanced domains and finishes on final summary (1.082304ms)
✔ complete generic adaptive route resumes to summary instead of task 1 (0.971087ms)
✔ actual dyslexia domain helpers preserve completed evidence across LS and advanced routes (5.929473ms)
✔ unavailable central auth must not silently advance an untracked V01 candidate (1.190222ms)
✔ local static preview remains usable without creating any central student identity (1.056103ms)
✔ same candidate, educator, academy and cycle resumes and reload reads central evidence (147.915557ms)
✔ same display name never merges two candidate UUIDs or two cycles (44.467547ms)
✔ concurrent create has one active session and loser resumes winner (32.653459ms)
✔ unauthenticated, other educator and other academy cannot read candidate session (35.675988ms)
✔ missing unique index fails closed; invalid candidate identity is rejected (26.360309ms)
✔ same named index with reordered keys, broader predicate or invalid definition fails closed (212.294473ms)
✔ corrected display name resumes same candidate and central evidence (17.945136ms)
ℹ tests 62
ℹ suites 0
ℹ pass 62
ℹ fail 0
ℹ cancelled 0
ℹ skipped 0
ℹ todo 0
ℹ duration_ms 54091.551675
