[33m▲ [43;33m[[43;30mWARNING[43;33m][0m [1mProxy environment variables detected. We'll use your proxy for fetch requests.[0m



 ⛅️ wrangler 4.92.0
───────────────────
Attaching additional modules:
┌───────────────────────────────────────────────────────────────────────────────────────────────────────────────────────────────┬──────┬─────────────┐
│ Name                                                                                                                          │ Type │ Size        │
├───────────────────────────────────────────────────────────────────────────────────────────────────────────────────────────────┼──────┼─────────────┤
│ __vite_rsc_assets_manifest.js                                                                                                 │ esm  │ 32.83 KiB   │
├───────────────────────────────────────────────────────────────────────────────────────────────────────────────────────────────┼──────┼─────────────┤
│ _next/static/app-page-cache-4qHB0WuX.js                                                                                       │ esm  │ 5.07 KiB    │
├───────────────────────────────────────────────────────────────────────────────────────────────────────────────────────────────┼──────┼─────────────┤
│ _next/static/app-page-cache-finalizer-On2aPd8q.js                                                                             │ esm  │ 3.40 KiB    │
├───────────────────────────────────────────────────────────────────────────────────────────────────────────────────────────────┼──────┼─────────────┤
│ _next/static/app-page-cache-render-L-sPWJyY.js                                                                                │ esm  │ 1.90 KiB    │
├───────────────────────────────────────────────────────────────────────────────────────────────────────────────────────────────┼──────┼─────────────┤
│ _next/static/app-page-stream-CT_lHV72.js                                                                                      │ esm  │ 9.73 KiB    │
├───────────────────────────────────────────────────────────────────────────────────────────────────────────────────────────────┼──────┼─────────────┤
│ _next/static/app-prerender-endpoints-Bv9vQ1-o.js                                                                              │ esm  │ 1.96 KiB    │
├───────────────────────────────────────────────────────────────────────────────────────────────────────────────────────────────┼──────┼─────────────┤
│ _next/static/app-prerender-static-params-t-gQrKUD.js                                                                          │ esm  │ 0.17 KiB    │
├───────────────────────────────────────────────────────────────────────────────────────────────────────────────────────────────┼──────┼─────────────┤
│ _next/static/app-route-handler-dispatch-OP7z_Mdq.js                                                                           │ esm  │ 25.57 KiB   │
├───────────────────────────────────────────────────────────────────────────────────────────────────────────────────────────────┼──────┼─────────────┤
│ _next/static/app-segment-config-C3zd0Ko5.js                                                                                   │ esm  │ 13.32 KiB   │
├───────────────────────────────────────────────────────────────────────────────────────────────────────────────────────────────┼──────┼─────────────┤
│ _next/static/app-static-generation-DhOT5QrC.js                                                                                │ esm  │ 0.89 KiB    │
├───────────────────────────────────────────────────────────────────────────────────────────────────────────────────────────────┼──────┼─────────────┤
│ _next/static/assessment-definition-CHzaRs3I.js                                                                                │ esm  │ 1.00 KiB    │
├───────────────────────────────────────────────────────────────────────────────────────────────────────────────────────────────┼──────┼─────────────┤
│ _next/static/assessment-report-1u4vEOVN.js                                                                                    │ esm  │ 11.67 KiB   │
├───────────────────────────────────────────────────────────────────────────────────────────────────────────────────────────────┼──────┼─────────────┤
│ _next/static/assessment-routing-BdaZCqbh.js                                                                                   │ esm  │ 50.17 KiB   │
├───────────────────────────────────────────────────────────────────────────────────────────────────────────────────────────────┼──────┼─────────────┤
│ _next/static/attention-session-server-CntIxg21.js                                                                             │ esm  │ 7.92 KiB    │
├───────────────────────────────────────────────────────────────────────────────────────────────────────────────────────────────┼──────┼─────────────┤
│ _next/static/book-preparation-page-guard-DgKol6Lz.js                                                                          │ esm  │ 0.36 KiB    │
├───────────────────────────────────────────────────────────────────────────────────────────────────────────────────────────────┼──────┼─────────────┤
│ _next/static/book-preparation-preview-auth-DuiAi47U.js                                                                        │ esm  │ 3.58 KiB    │
├───────────────────────────────────────────────────────────────────────────────────────────────────────────────────────────────┼──────┼─────────────┤
│ _next/static/cache-headers-DjhwhemT.js                                                                                        │ esm  │ 38.38 KiB   │
├───────────────────────────────────────────────────────────────────────────────────────────────────────────────────────────────┼──────┼─────────────┤
│ _next/static/coaching-center-CMVXB-WQ.js                                                                                      │ esm  │ 40.86 KiB   │
├───────────────────────────────────────────────────────────────────────────────────────────────────────────────────────────────┼──────┼─────────────┤
│ _next/static/core-request-security-l1RIOsve.js                                                                                │ esm  │ 4.35 KiB    │
├───────────────────────────────────────────────────────────────────────────────────────────────────────────────────────────────┼──────┼─────────────┤
│ _next/static/cza-work-recommendations-pYgnyDRW.js                                                                             │ esm  │ 3.71 KiB    │
├───────────────────────────────────────────────────────────────────────────────────────────────────────────────────────────────┼──────┼─────────────┤
│ _next/static/e2-assessment-a1d4-Cec.js                                                                                        │ esm  │ 19.15 KiB   │
├───────────────────────────────────────────────────────────────────────────────────────────────────────────────────────────────┼──────┼─────────────┤
│ _next/static/educator-analytics-QuK5wawg.js                                                                                   │ esm  │ 12.82 KiB   │
├───────────────────────────────────────────────────────────────────────────────────────────────────────────────────────────────┼──────┼─────────────┤
│ _next/static/educator-auth-VSbF5-Ls.js                                                                                        │ esm  │ 17.00 KiB   │
├───────────────────────────────────────────────────────────────────────────────────────────────────────────────────────────────┼──────┼─────────────┤
│ _next/static/exercise-engine-DhjUZH5Y.js                                                                                      │ esm  │ 4.20 KiB    │
├───────────────────────────────────────────────────────────────────────────────────────────────────────────────────────────────┼──────┼─────────────┤
│ _next/static/framework~index-CtwaRRJB.js                                                                                      │ esm  │ 0.24 KiB    │
├───────────────────────────────────────────────────────────────────────────────────────────────────────────────────────────────┼──────┼─────────────┤
│ _next/static/framework~index~app-page-cache-render~app-page-cache~page~page~page~page~layout~page~page~p~k7k21k0p-CotzNKJ-.js │ esm  │ 0.80 KiB    │
├───────────────────────────────────────────────────────────────────────────────────────────────────────────────────────────────┼──────┼─────────────┤
│ _next/static/framework~index~app-page-cache-render~app-page-cache~page~page~page~page~page~page~page~pag~c8v9on0t-CTdHQWOK.js │ esm  │ 5.37 KiB    │
├───────────────────────────────────────────────────────────────────────────────────────────────────────────────────────────────┼──────┼─────────────┤
│ _next/static/framework~index~page~page~page~page~page~page~page~page~page~page~page~page~page~page~page~~hyzwj2wq-LncNv0ux.js │ esm  │ 55.29 KiB   │
├───────────────────────────────────────────────────────────────────────────────────────────────────────────────────────────────┼──────┼─────────────┤
│ _next/static/guardian-auth-DneR0KpP.js                                                                                        │ esm  │ 2.86 KiB    │
├───────────────────────────────────────────────────────────────────────────────────────────────────────────────────────────────┼──────┼─────────────┤
│ _next/static/guardian-context-CXWAna5R.js                                                                                     │ esm  │ 2.61 KiB    │
├───────────────────────────────────────────────────────────────────────────────────────────────────────────────────────────────┼──────┼─────────────┤
│ _next/static/headers-BKSsDpHm.js                                                                                              │ esm  │ 13.54 KiB   │
├───────────────────────────────────────────────────────────────────────────────────────────────────────────────────────────────┼──────┼─────────────┤
│ _next/static/headers-DnAIB1eS.js                                                                                              │ esm  │ 4.78 KiB    │
├───────────────────────────────────────────────────────────────────────────────────────────────────────────────────────────────┼──────┼─────────────┤
│ _next/static/implicit-tags-BA52IAfs.js                                                                                        │ esm  │ 1.31 KiB    │
├───────────────────────────────────────────────────────────────────────────────────────────────────────────────────────────────┼──────┼─────────────┤
│ _next/static/isr-cache-C58EBxOz.js                                                                                            │ esm  │ 4.81 KiB    │
├───────────────────────────────────────────────────────────────────────────────────────────────────────────────────────────────┼──────┼─────────────┤
│ _next/static/learning-timeline-BtII5def.js                                                                                    │ esm  │ 9.46 KiB    │
├───────────────────────────────────────────────────────────────────────────────────────────────────────────────────────────────┼──────┼─────────────┤
│ _next/static/navigation-errors-GKseTNGC.js                                                                                    │ esm  │ 1.39 KiB    │
├───────────────────────────────────────────────────────────────────────────────────────────────────────────────────────────────┼──────┼─────────────┤
│ _next/static/navigation-runtime-g7mjtoEQ.js                                                                                   │ esm  │ 0.78 KiB    │
├───────────────────────────────────────────────────────────────────────────────────────────────────────────────────────────────┼──────┼─────────────┤
│ _next/static/navigation.react-server-DycTzicY.js                                                                              │ esm  │ 0.26 KiB    │
├───────────────────────────────────────────────────────────────────────────────────────────────────────────────────────────────┼──────┼─────────────┤
│ _next/static/package-catalog-ByM1fqIT.js                                                                                      │ esm  │ 2.89 KiB    │
├───────────────────────────────────────────────────────────────────────────────────────────────────────────────────────────────┼──────┼─────────────┤
│ _next/static/page-23TOM-Ce.js                                                                                                 │ esm  │ 0.18 KiB    │
├───────────────────────────────────────────────────────────────────────────────────────────────────────────────────────────────┼──────┼─────────────┤
│ _next/static/page-4Ld0_uyN2.js                                                                                                │ esm  │ 1.96 KiB    │
├───────────────────────────────────────────────────────────────────────────────────────────────────────────────────────────────┼──────┼─────────────┤
│ _next/static/page-B8ZiF_fR.js                                                                                                 │ esm  │ 0.18 KiB    │
├───────────────────────────────────────────────────────────────────────────────────────────────────────────────────────────────┼──────┼─────────────┤
│ _next/static/page-BG7mJW8x.js                                                                                                 │ esm  │ 0.18 KiB    │
├───────────────────────────────────────────────────────────────────────────────────────────────────────────────────────────────┼──────┼─────────────┤
│ _next/static/page-BKUxUtRN.js                                                                                                 │ esm  │ 0.18 KiB    │
├───────────────────────────────────────────────────────────────────────────────────────────────────────────────────────────────┼──────┼─────────────┤
│ _next/static/page-BPBsY3aE2.js                                                                                                │ esm  │ 0.18 KiB    │
├───────────────────────────────────────────────────────────────────────────────────────────────────────────────────────────────┼──────┼─────────────┤
│ _next/static/page-BeNijZ_W.js                                                                                                 │ esm  │ 0.59 KiB    │
├───────────────────────────────────────────────────────────────────────────────────────────────────────────────────────────────┼──────┼─────────────┤
│ _next/static/page-BuoWs31h.js                                                                                                 │ esm  │ 6.17 KiB    │
├───────────────────────────────────────────────────────────────────────────────────────────────────────────────────────────────┼──────┼─────────────┤
│ _next/static/page-BuxUnYO62.js                                                                                                │ esm  │ 0.18 KiB    │
├───────────────────────────────────────────────────────────────────────────────────────────────────────────────────────────────┼──────┼─────────────┤
│ _next/static/page-C-B9mFve.js                                                                                                 │ esm  │ 0.18 KiB    │
├───────────────────────────────────────────────────────────────────────────────────────────────────────────────────────────────┼──────┼─────────────┤
│ _next/static/page-C2_GpIQg.js                                                                                                 │ esm  │ 0.18 KiB    │
├───────────────────────────────────────────────────────────────────────────────────────────────────────────────────────────────┼──────┼─────────────┤
│ _next/static/page-C3mtTlPs.js                                                                                                 │ esm  │ 0.18 KiB    │
├───────────────────────────────────────────────────────────────────────────────────────────────────────────────────────────────┼──────┼─────────────┤
│ _next/static/page-C66Mu-4N.js                                                                                                 │ esm  │ 0.18 KiB    │
├───────────────────────────────────────────────────────────────────────────────────────────────────────────────────────────────┼──────┼─────────────┤
│ _next/static/page-CFZvYWJP.js                                                                                                 │ esm  │ 0.18 KiB    │
├───────────────────────────────────────────────────────────────────────────────────────────────────────────────────────────────┼──────┼─────────────┤
│ _next/static/page-CNRp4QW-.js                                                                                                 │ esm  │ 0.18 KiB    │
├───────────────────────────────────────────────────────────────────────────────────────────────────────────────────────────────┼──────┼─────────────┤
│ _next/static/page-C_X8IU_I.js                                                                                                 │ esm  │ 0.18 KiB    │
├───────────────────────────────────────────────────────────────────────────────────────────────────────────────────────────────┼──────┼─────────────┤
│ _next/static/page-CaDD8C3n.js                                                                                                 │ esm  │ 0.18 KiB    │
├───────────────────────────────────────────────────────────────────────────────────────────────────────────────────────────────┼──────┼─────────────┤
│ _next/static/page-Cdnn_dbS.js                                                                                                 │ esm  │ 0.18 KiB    │
├───────────────────────────────────────────────────────────────────────────────────────────────────────────────────────────────┼──────┼─────────────┤
│ _next/static/page-Cr6A8QMM.js                                                                                                 │ esm  │ 0.78 KiB    │
├───────────────────────────────────────────────────────────────────────────────────────────────────────────────────────────────┼──────┼─────────────┤
│ _next/static/page-CxHVqbsB.js                                                                                                 │ esm  │ 0.18 KiB    │
├───────────────────────────────────────────────────────────────────────────────────────────────────────────────────────────────┼──────┼─────────────┤
│ _next/static/page-CzFSR6B72.js                                                                                                │ esm  │ 0.36 KiB    │
├───────────────────────────────────────────────────────────────────────────────────────────────────────────────────────────────┼──────┼─────────────┤
│ _next/static/page-D-Dv7AL3.js                                                                                                 │ esm  │ 0.18 KiB    │
├───────────────────────────────────────────────────────────────────────────────────────────────────────────────────────────────┼──────┼─────────────┤
│ _next/static/page-D5SlVJH6.js                                                                                                 │ esm  │ 0.18 KiB    │
├───────────────────────────────────────────────────────────────────────────────────────────────────────────────────────────────┼──────┼─────────────┤
│ _next/static/page-DnOnkSGc.js                                                                                                 │ esm  │ 0.18 KiB    │
├───────────────────────────────────────────────────────────────────────────────────────────────────────────────────────────────┼──────┼─────────────┤
│ _next/static/page-DqdqNq5q.js                                                                                                 │ esm  │ 0.52 KiB    │
├───────────────────────────────────────────────────────────────────────────────────────────────────────────────────────────────┼──────┼─────────────┤
│ _next/static/page-FR8FeMay.js                                                                                                 │ esm  │ 0.18 KiB    │
├───────────────────────────────────────────────────────────────────────────────────────────────────────────────────────────────┼──────┼─────────────┤
│ _next/static/page-I00luKnq.js                                                                                                 │ esm  │ 0.66 KiB    │
├───────────────────────────────────────────────────────────────────────────────────────────────────────────────────────────────┼──────┼─────────────┤
│ _next/static/page-WYVeGljO.js                                                                                                 │ esm  │ 0.18 KiB    │
├───────────────────────────────────────────────────────────────────────────────────────────────────────────────────────────────┼──────┼─────────────┤
│ _next/static/page-alQSKZad.js                                                                                                 │ esm  │ 0.18 KiB    │
├───────────────────────────────────────────────────────────────────────────────────────────────────────────────────────────────┼──────┼─────────────┤
│ _next/static/page-efl8NsWw.js                                                                                                 │ esm  │ 0.18 KiB    │
├───────────────────────────────────────────────────────────────────────────────────────────────────────────────────────────────┼──────┼─────────────┤
│ _next/static/page-l2BGHbK4.js                                                                                                 │ esm  │ 0.18 KiB    │
├───────────────────────────────────────────────────────────────────────────────────────────────────────────────────────────────┼──────┼─────────────┤
│ _next/static/page-puhjLztW.js                                                                                                 │ esm  │ 0.18 KiB    │
├───────────────────────────────────────────────────────────────────────────────────────────────────────────────────────────────┼──────┼─────────────┤
│ _next/static/page-rGzKV1Iz2.js                                                                                                │ esm  │ 0.32 KiB    │
├───────────────────────────────────────────────────────────────────────────────────────────────────────────────────────────────┼──────┼─────────────┤
│ _next/static/page-rf81cy5q.js                                                                                                 │ esm  │ 0.18 KiB    │
├───────────────────────────────────────────────────────────────────────────────────────────────────────────────────────────────┼──────┼─────────────┤
│ _next/static/page-yRXWXSZa.js                                                                                                 │ esm  │ 0.18 KiB    │
├───────────────────────────────────────────────────────────────────────────────────────────────────────────────────────────────┼──────┼─────────────┤
│ _next/static/preschool-e3-BNNbpuTW.js                                                                                         │ esm  │ 61.40 KiB   │
├───────────────────────────────────────────────────────────────────────────────────────────────────────────────────────────────┼──────┼─────────────┤
│ _next/static/record-Cz3MrZeO.js                                                                                               │ esm  │ 0.08 KiB    │
├───────────────────────────────────────────────────────────────────────────────────────────────────────────────────────────────┼──────┼─────────────┤
│ _next/static/redirect-digest-C-06pD9r.js                                                                                      │ esm  │ 0.37 KiB    │
├───────────────────────────────────────────────────────────────────────────────────────────────────────────────────────────────┼──────┼─────────────┤
│ _next/static/request-guard-Dj_xhJvl.js                                                                                        │ esm  │ 2.99 KiB    │
├───────────────────────────────────────────────────────────────────────────────────────────────────────────────────────────────┼──────┼─────────────┤
│ _next/static/rolldown-runtime-DUnMT5BP.js                                                                                     │ esm  │ 0.68 KiB    │
├───────────────────────────────────────────────────────────────────────────────────────────────────────────────────────────────┼──────┼─────────────┤
│ _next/static/root-params-BmDD_O0i.js                                                                                          │ esm  │ 1.21 KiB    │
├───────────────────────────────────────────────────────────────────────────────────────────────────────────────────────────────┼──────┼─────────────┤
│ _next/static/route-7sw_E9sm.js                                                                                                │ esm  │ 9.04 KiB    │
├───────────────────────────────────────────────────────────────────────────────────────────────────────────────────────────────┼──────┼─────────────┤
│ _next/static/route-B-st4PzW.js                                                                                                │ esm  │ 10.74 KiB   │
├───────────────────────────────────────────────────────────────────────────────────────────────────────────────────────────────┼──────┼─────────────┤
│ _next/static/route-BEjGQV2w.js                                                                                                │ esm  │ 2.04 KiB    │
├───────────────────────────────────────────────────────────────────────────────────────────────────────────────────────────────┼──────┼─────────────┤
│ _next/static/route-BG4Iky4c.js                                                                                                │ esm  │ 6.01 KiB    │
├───────────────────────────────────────────────────────────────────────────────────────────────────────────────────────────────┼──────┼─────────────┤
│ _next/static/route-BLBDLt6-.js                                                                                                │ esm  │ 16.64 KiB   │
├───────────────────────────────────────────────────────────────────────────────────────────────────────────────────────────────┼──────┼─────────────┤
│ _next/static/route-BOOY86Dq.js                                                                                                │ esm  │ 4.71 KiB    │
├───────────────────────────────────────────────────────────────────────────────────────────────────────────────────────────────┼──────┼─────────────┤
│ _next/static/route-BQpuhg97.js                                                                                                │ esm  │ 1.44 KiB    │
├───────────────────────────────────────────────────────────────────────────────────────────────────────────────────────────────┼──────┼─────────────┤
│ _next/static/route-BRNQZbTl.js                                                                                                │ esm  │ 2.34 KiB    │
├───────────────────────────────────────────────────────────────────────────────────────────────────────────────────────────────┼──────┼─────────────┤
│ _next/static/route-BV6UnJbX.js                                                                                                │ esm  │ 1.59 KiB    │
├───────────────────────────────────────────────────────────────────────────────────────────────────────────────────────────────┼──────┼─────────────┤
│ _next/static/route-B_TckAut.js                                                                                                │ esm  │ 22.97 KiB   │
├───────────────────────────────────────────────────────────────────────────────────────────────────────────────────────────────┼──────┼─────────────┤
│ _next/static/route-B_hum6BM.js                                                                                                │ esm  │ 1.83 KiB    │
├───────────────────────────────────────────────────────────────────────────────────────────────────────────────────────────────┼──────┼─────────────┤
│ _next/static/route-BgDSkyM1.js                                                                                                │ esm  │ 14.14 KiB   │
├───────────────────────────────────────────────────────────────────────────────────────────────────────────────────────────────┼──────┼─────────────┤
│ _next/static/route-Bt9iloGO.js                                                                                                │ esm  │ 6.24 KiB    │
├───────────────────────────────────────────────────────────────────────────────────────────────────────────────────────────────┼──────┼─────────────┤
│ _next/static/route-BuwwuOou.js                                                                                                │ esm  │ 1.56 KiB    │
├───────────────────────────────────────────────────────────────────────────────────────────────────────────────────────────────┼──────┼─────────────┤
│ _next/static/route-BvpE35Ti.js                                                                                                │ esm  │ 1.31 KiB    │
├───────────────────────────────────────────────────────────────────────────────────────────────────────────────────────────────┼──────┼─────────────┤
│ _next/static/route-C39Z70D-.js                                                                                                │ esm  │ 2.90 KiB    │
├───────────────────────────────────────────────────────────────────────────────────────────────────────────────────────────────┼──────┼─────────────┤
│ _next/static/route-CApSvGl5.js                                                                                                │ esm  │ 9.52 KiB    │
├───────────────────────────────────────────────────────────────────────────────────────────────────────────────────────────────┼──────┼─────────────┤
│ _next/static/route-CC9sr6Ix.js                                                                                                │ esm  │ 6.38 KiB    │
├───────────────────────────────────────────────────────────────────────────────────────────────────────────────────────────────┼──────┼─────────────┤
│ _next/static/route-CDG6gr5U.js                                                                                                │ esm  │ 3.78 KiB    │
├───────────────────────────────────────────────────────────────────────────────────────────────────────────────────────────────┼──────┼─────────────┤
│ _next/static/route-CL-IO8XV.js                                                                                                │ esm  │ 1.50 KiB    │
├───────────────────────────────────────────────────────────────────────────────────────────────────────────────────────────────┼──────┼─────────────┤
│ _next/static/route-CMT75bHx2.js                                                                                               │ esm  │ 0.82 KiB    │
├───────────────────────────────────────────────────────────────────────────────────────────────────────────────────────────────┼──────┼─────────────┤
│ _next/static/route-D64F5C5y.js                                                                                                │ esm  │ 1.14 KiB    │
├───────────────────────────────────────────────────────────────────────────────────────────────────────────────────────────────┼──────┼─────────────┤
│ _next/static/route-D7XTQQbD.js                                                                                                │ esm  │ 4.09 KiB    │
├───────────────────────────────────────────────────────────────────────────────────────────────────────────────────────────────┼──────┼─────────────┤
│ _next/static/route-DDUCqxUP.js                                                                                                │ esm  │ 1.69 KiB    │
├───────────────────────────────────────────────────────────────────────────────────────────────────────────────────────────────┼──────┼─────────────┤
│ _next/static/route-DHX-OJPI.js                                                                                                │ esm  │ 4.59 KiB    │
├───────────────────────────────────────────────────────────────────────────────────────────────────────────────────────────────┼──────┼─────────────┤
│ _next/static/route-DJxtv5nW2.js                                                                                               │ esm  │ 0.90 KiB    │
├───────────────────────────────────────────────────────────────────────────────────────────────────────────────────────────────┼──────┼─────────────┤
│ _next/static/route-DKJFfmn0.js                                                                                                │ esm  │ 4.32 KiB    │
├───────────────────────────────────────────────────────────────────────────────────────────────────────────────────────────────┼──────┼─────────────┤
│ _next/static/route-DNXZfU1o.js                                                                                                │ esm  │ 9.54 KiB    │
├───────────────────────────────────────────────────────────────────────────────────────────────────────────────────────────────┼──────┼─────────────┤
│ _next/static/route-DNsZiKuU.js                                                                                                │ esm  │ 0.68 KiB    │
├───────────────────────────────────────────────────────────────────────────────────────────────────────────────────────────────┼──────┼─────────────┤
│ _next/static/route-DTMus7l_.js                                                                                                │ esm  │ 1.81 KiB    │
├───────────────────────────────────────────────────────────────────────────────────────────────────────────────────────────────┼──────┼─────────────┤
│ _next/static/route-DTQUfEux.js                                                                                                │ esm  │ 9.06 KiB    │
├───────────────────────────────────────────────────────────────────────────────────────────────────────────────────────────────┼──────┼─────────────┤
│ _next/static/route-D_vbfmfK.js                                                                                                │ esm  │ 8.34 KiB    │
├───────────────────────────────────────────────────────────────────────────────────────────────────────────────────────────────┼──────┼─────────────┤
│ _next/static/route-Dgg0STgV.js                                                                                                │ esm  │ 2.85 KiB    │
├───────────────────────────────────────────────────────────────────────────────────────────────────────────────────────────────┼──────┼─────────────┤
│ _next/static/route-DkWTCGPw.js                                                                                                │ esm  │ 2.04 KiB    │
├───────────────────────────────────────────────────────────────────────────────────────────────────────────────────────────────┼──────┼─────────────┤
│ _next/static/route-DnrlBMw2.js                                                                                                │ esm  │ 1.59 KiB    │
├───────────────────────────────────────────────────────────────────────────────────────────────────────────────────────────────┼──────┼─────────────┤
│ _next/static/route-Dz704B09.js                                                                                                │ esm  │ 11.12 KiB   │
├───────────────────────────────────────────────────────────────────────────────────────────────────────────────────────────────┼──────┼─────────────┤
│ _next/static/route-G7ntR18W.js                                                                                                │ esm  │ 17.74 KiB   │
├───────────────────────────────────────────────────────────────────────────────────────────────────────────────────────────────┼──────┼─────────────┤
│ _next/static/route-KW2amTCc.js                                                                                                │ esm  │ 2.66 KiB    │
├───────────────────────────────────────────────────────────────────────────────────────────────────────────────────────────────┼──────┼─────────────┤
│ _next/static/route-KkWRBDzx.js                                                                                                │ esm  │ 15.65 KiB   │
├───────────────────────────────────────────────────────────────────────────────────────────────────────────────────────────────┼──────┼─────────────┤
│ _next/static/route-_xBzAijR.js                                                                                                │ esm  │ 9.13 KiB    │
├───────────────────────────────────────────────────────────────────────────────────────────────────────────────────────────────┼──────┼─────────────┤
│ _next/static/route-hWClpXZ1.js                                                                                                │ esm  │ 7.49 KiB    │
├───────────────────────────────────────────────────────────────────────────────────────────────────────────────────────────────┼──────┼─────────────┤
│ _next/static/route-oe9nkFlQ.js                                                                                                │ esm  │ 15.41 KiB   │
├───────────────────────────────────────────────────────────────────────────────────────────────────────────────────────────────┼──────┼─────────────┤
│ _next/static/route-q0xrJ88g.js                                                                                                │ esm  │ 16.14 KiB   │
├───────────────────────────────────────────────────────────────────────────────────────────────────────────────────────────────┼──────┼─────────────┤
│ _next/static/route-vJILYOaY.js                                                                                                │ esm  │ 1.61 KiB    │
├───────────────────────────────────────────────────────────────────────────────────────────────────────────────────────────────┼──────┼─────────────┤
│ _next/static/rsc-BBzlKM3n.js                                                                                                  │ esm  │ 0.76 KiB    │
├───────────────────────────────────────────────────────────────────────────────────────────────────────────────────────────────┼──────┼─────────────┤
│ _next/static/serverless-BM_NU-8t.js                                                                                           │ esm  │ 136.35 KiB  │
├───────────────────────────────────────────────────────────────────────────────────────────────────────────────────────────────┼──────┼─────────────┤
│ _next/static/special-learning-profile-CzPL5kbG.js                                                                             │ esm  │ 4.99 KiB    │
├───────────────────────────────────────────────────────────────────────────────────────────────────────────────────────────────┼──────┼─────────────┤
│ _next/static/student-learning-profile-CYlZZOuz.js                                                                             │ esm  │ 13.84 KiB   │
├───────────────────────────────────────────────────────────────────────────────────────────────────────────────────────────────┼──────┼─────────────┤
│ _next/static/student-session-DZLBptXq.js                                                                                      │ esm  │ 1.09 KiB    │
├───────────────────────────────────────────────────────────────────────────────────────────────────────────────────────────────┼──────┼─────────────┤
│ _next/static/text-stream-CWtR7pwW.js                                                                                          │ esm  │ 18.99 KiB   │
├───────────────────────────────────────────────────────────────────────────────────────────────────────────────────────────────┼──────┼─────────────┤
│ _next/static/training-recipes-BKmdddXf.js                                                                                     │ esm  │ 4.85 KiB    │
├───────────────────────────────────────────────────────────────────────────────────────────────────────────────────────────────┼──────┼─────────────┤
│ _next/static/work-center-C3Vg9lV_.js                                                                                          │ esm  │ 0.58 KiB    │
├───────────────────────────────────────────────────────────────────────────────────────────────────────────────────────────────┼──────┼─────────────┤
│ ssr/__vite_rsc_assets_manifest.js                                                                                             │ esm  │ 32.83 KiB   │
├───────────────────────────────────────────────────────────────────────────────────────────────────────────────────────────────┼──────┼─────────────┤
│ ssr/_next/static/app-prefetch-fetch-queue-BTKEsFpn.js                                                                         │ esm  │ 0.00 KiB    │
├───────────────────────────────────────────────────────────────────────────────────────────────────────────────────────────────┼──────┼─────────────┤
│ ssr/_next/static/app-router-scroll-CAnSvlwI.js                                                                                │ esm  │ 2.49 KiB    │
├───────────────────────────────────────────────────────────────────────────────────────────────────────────────────────────────┼──────┼─────────────┤
│ ssr/_next/static/arrow-left-Cu5vYA_B.js                                                                                       │ esm  │ 0.16 KiB    │
├───────────────────────────────────────────────────────────────────────────────────────────────────────────────────────────────┼──────┼─────────────┤
│ ssr/_next/static/arrow-right-DmTlmG-d.js                                                                                      │ esm  │ 0.16 KiB    │
├───────────────────────────────────────────────────────────────────────────────────────────────────────────────────────────────┼──────┼─────────────┤
│ ssr/_next/static/assessment-engine-uGgEv-1I.js                                                                                │ esm  │ 7.86 KiB    │
├───────────────────────────────────────────────────────────────────────────────────────────────────────────────────────────────┼──────┼─────────────┤
│ ssr/_next/static/assigned-session-tLiGtsgv.js                                                                                 │ esm  │ 0.45 KiB    │
├───────────────────────────────────────────────────────────────────────────────────────────────────────────────────────────────┼──────┼─────────────┤
│ ssr/_next/static/attention-workspace-CCGiQrJ-.js                                                                              │ esm  │ 15.45 KiB   │
├───────────────────────────────────────────────────────────────────────────────────────────────────────────────────────────────┼──────┼─────────────┤
│ ssr/_next/static/audio-lines-Bt87atjS.js                                                                                      │ esm  │ 0.30 KiB    │
├───────────────────────────────────────────────────────────────────────────────────────────────────────────────────────────────┼──────┼─────────────┤
│ ssr/_next/static/book-open-check-CqHG0r1S.js                                                                                  │ esm  │ 0.34 KiB    │
├───────────────────────────────────────────────────────────────────────────────────────────────────────────────────────────────┼──────┼─────────────┤
│ ssr/_next/static/book-preparation-access-N6sBYHzQ.js                                                                          │ esm  │ 2.73 KiB    │
├───────────────────────────────────────────────────────────────────────────────────────────────────────────────────────────────┼──────┼─────────────┤
│ ssr/_next/static/book-preparation-workspace-B9eCT8Ns.js                                                                       │ esm  │ 13.00 KiB   │
├───────────────────────────────────────────────────────────────────────────────────────────────────────────────────────────────┼──────┼─────────────┤
│ ssr/_next/static/brain-DTPzsP6X.js                                                                                            │ esm  │ 0.56 KiB    │
├───────────────────────────────────────────────────────────────────────────────────────────────────────────────────────────────┼──────┼─────────────┤
│ ssr/_next/static/brain-circuit-BtuPCGQR.js                                                                                    │ esm  │ 0.78 KiB    │
├───────────────────────────────────────────────────────────────────────────────────────────────────────────────────────────────┼──────┼─────────────┤
│ ssr/_next/static/button-6NLG73RF.js                                                                                           │ esm  │ 39.24 KiB   │
├───────────────────────────────────────────────────────────────────────────────────────────────────────────────────────────────┼──────┼─────────────┤
│ ssr/_next/static/calendar-days-fmaOTSGP.js                                                                                    │ esm  │ 0.48 KiB    │
├───────────────────────────────────────────────────────────────────────────────────────────────────────────────────────────────┼──────┼─────────────┤
│ ssr/_next/static/check-D7SEx-EV.js                                                                                            │ esm  │ 0.12 KiB    │
├───────────────────────────────────────────────────────────────────────────────────────────────────────────────────────────────┼──────┼─────────────┤
│ ssr/_next/static/chevron-down-BTTJ6TJJ.js                                                                                     │ esm  │ 0.13 KiB    │
├───────────────────────────────────────────────────────────────────────────────────────────────────────────────────────────────┼──────┼─────────────┤
│ ssr/_next/static/chevron-right-DmBlIZ7-.js                                                                                    │ esm  │ 0.13 KiB    │
├───────────────────────────────────────────────────────────────────────────────────────────────────────────────────────────────┼──────┼─────────────┤
│ ssr/_next/static/circle-check-KKsgY7mR.js                                                                                     │ esm  │ 0.17 KiB    │
├───────────────────────────────────────────────────────────────────────────────────────────────────────────────────────────────┼──────┼─────────────┤
│ ssr/_next/static/circle-question-mark-EVNDNXmx.js                                                                             │ esm  │ 0.24 KiB    │
├───────────────────────────────────────────────────────────────────────────────────────────────────────────────────────────────┼──────┼─────────────┤
│ ssr/_next/static/clipboard-check-DBszmVH1.js                                                                                  │ esm  │ 0.30 KiB    │
├───────────────────────────────────────────────────────────────────────────────────────────────────────────────────────────────┼──────┼─────────────┤
│ ssr/_next/static/clipboard-list-DDWrDFRO.js                                                                                   │ esm  │ 0.40 KiB    │
├───────────────────────────────────────────────────────────────────────────────────────────────────────────────────────────────┼──────┼─────────────┤
│ ssr/_next/static/clock-3-DTJSukYE.js                                                                                          │ esm  │ 0.17 KiB    │
├───────────────────────────────────────────────────────────────────────────────────────────────────────────────────────────────┼──────┼─────────────┤
│ ssr/_next/static/coaching-center-DkHWOFMt.js                                                                                  │ esm  │ 32.30 KiB   │
├───────────────────────────────────────────────────────────────────────────────────────────────────────────────────────────────┼──────┼─────────────┤
│ ssr/_next/static/core-client-BS8u-DT6.js                                                                                      │ esm  │ 1.83 KiB    │
├───────────────────────────────────────────────────────────────────────────────────────────────────────────────────────────────┼──────┼─────────────┤
│ ssr/_next/static/createLucideIcon-CWhvLQ6y.js                                                                                 │ esm  │ 1.34 KiB    │
├───────────────────────────────────────────────────────────────────────────────────────────────────────────────────────────────┼──────┼─────────────┤
│ ssr/_next/static/educator-auth-client-BYZWt7Gp.js                                                                             │ esm  │ 1.11 KiB    │
├───────────────────────────────────────────────────────────────────────────────────────────────────────────────────────────────┼──────┼─────────────┤
│ ssr/_next/static/error-boundary-mJ-SsUww.js                                                                                   │ esm  │ 5.27 KiB    │
├───────────────────────────────────────────────────────────────────────────────────────────────────────────────────────────────┼──────┼─────────────┤
│ ssr/_next/static/exercise-engine-DoVZhDcA.js                                                                                  │ esm  │ 6.13 KiB    │
├───────────────────────────────────────────────────────────────────────────────────────────────────────────────────────────────┼──────┼─────────────┤
│ ssr/_next/static/eye-BKe8TEhj.js                                                                                              │ esm  │ 0.25 KiB    │
├───────────────────────────────────────────────────────────────────────────────────────────────────────────────────────────────┼──────┼─────────────┤
│ ssr/_next/static/fast-reading-workspace-DLjt9vxz.js                                                                           │ esm  │ 28.73 KiB   │
├───────────────────────────────────────────────────────────────────────────────────────────────────────────────────────────────┼──────┼─────────────┤
│ ssr/_next/static/file-text-DfpqzBtc.js                                                                                        │ esm  │ 0.38 KiB    │
├───────────────────────────────────────────────────────────────────────────────────────────────────────────────────────────────┼──────┼─────────────┤
│ ssr/_next/static/finger-engine-DrrzsMkk.js                                                                                    │ esm  │ 7.31 KiB    │
├───────────────────────────────────────────────────────────────────────────────────────────────────────────────────────────────┼──────┼─────────────┤
│ ssr/_next/static/gauge-DURLpHgI.js                                                                                            │ esm  │ 0.17 KiB    │
├───────────────────────────────────────────────────────────────────────────────────────────────────────────────────────────────┼──────┼─────────────┤
│ ssr/_next/static/graduation-cap-X-Kimiqg.js                                                                                   │ esm  │ 0.32 KiB    │
├───────────────────────────────────────────────────────────────────────────────────────────────────────────────────────────────┼──────┼─────────────┤
│ ssr/_next/static/grid-3x3-D04v6cTp.js                                                                                         │ esm  │ 0.29 KiB    │
├───────────────────────────────────────────────────────────────────────────────────────────────────────────────────────────────┼──────┼─────────────┤
│ ssr/_next/static/guardian-panel-d7g7Va-6.js                                                                                   │ esm  │ 9.78 KiB    │
├───────────────────────────────────────────────────────────────────────────────────────────────────────────────────────────────┼──────┼─────────────┤
│ ssr/_next/static/hand-BzgFEaus.js                                                                                             │ esm  │ 0.40 KiB    │
├───────────────────────────────────────────────────────────────────────────────────────────────────────────────────────────────┼──────┼─────────────┤
│ ssr/_next/static/input-P2SHk9fS.js                                                                                            │ esm  │ 5.62 KiB    │
├───────────────────────────────────────────────────────────────────────────────────────────────────────────────────────────────┼──────┼─────────────┤
│ ssr/_next/static/key-round-BPKeA4gd.js                                                                                        │ esm  │ 0.35 KiB    │
├───────────────────────────────────────────────────────────────────────────────────────────────────────────────────────────────┼──────┼─────────────┤
│ ssr/_next/static/layout-segment-context-DpkjgvEb.js                                                                           │ esm  │ 0.37 KiB    │
├───────────────────────────────────────────────────────────────────────────────────────────────────────────────────────────────┼──────┼─────────────┤
│ ssr/_next/static/lesson-session-C8nia84Y.js                                                                                   │ esm  │ 0.39 KiB    │
├───────────────────────────────────────────────────────────────────────────────────────────────────────────────────────────────┼──────┼─────────────┤
│ ssr/_next/static/lightbulb-DjMspIKf.js                                                                                        │ esm  │ 0.28 KiB    │
├───────────────────────────────────────────────────────────────────────────────────────────────────────────────────────────────┼──────┼─────────────┤
│ ssr/_next/static/loader-circle-iToJZmW0.js                                                                                    │ esm  │ 0.14 KiB    │
├───────────────────────────────────────────────────────────────────────────────────────────────────────────────────────────────┼──────┼─────────────┤
│ ssr/_next/static/lock-keyhole-CMgDXB5J.js                                                                                     │ esm  │ 0.25 KiB    │
├───────────────────────────────────────────────────────────────────────────────────────────────────────────────────────────────┼──────┼─────────────┤
│ ssr/_next/static/log-out-Q5JBC5OW.js                                                                                          │ esm  │ 0.22 KiB    │
├───────────────────────────────────────────────────────────────────────────────────────────────────────────────────────────────┼──────┼─────────────┤
│ ssr/_next/static/package-access-gate-DP-fTzVU.js                                                                              │ esm  │ 2.39 KiB    │
├───────────────────────────────────────────────────────────────────────────────────────────────────────────────────────────────┼──────┼─────────────┤
│ ssr/_next/static/page-B3l2ERsx.js                                                                                             │ esm  │ 0.16 KiB    │
├───────────────────────────────────────────────────────────────────────────────────────────────────────────────────────────────┼──────┼─────────────┤
│ ssr/_next/static/page-B7TlY0S7.js                                                                                             │ esm  │ 8.85 KiB    │
├───────────────────────────────────────────────────────────────────────────────────────────────────────────────────────────────┼──────┼─────────────┤
│ ssr/_next/static/page-BHuGDqMJ.js                                                                                             │ esm  │ 16.14 KiB   │
├───────────────────────────────────────────────────────────────────────────────────────────────────────────────────────────────┼──────┼─────────────┤
│ ssr/_next/static/page-Bd85uQja.js                                                                                             │ esm  │ 13.60 KiB   │
├───────────────────────────────────────────────────────────────────────────────────────────────────────────────────────────────┼──────┼─────────────┤
│ ssr/_next/static/page-BeCYQRcu.js                                                                                             │ esm  │ 22.65 KiB   │
├───────────────────────────────────────────────────────────────────────────────────────────────────────────────────────────────┼──────┼─────────────┤
│ ssr/_next/static/page-Bsu5HoHh.js                                                                                             │ esm  │ 13.29 KiB   │
├───────────────────────────────────────────────────────────────────────────────────────────────────────────────────────────────┼──────┼─────────────┤
│ ssr/_next/static/page-Bxel-QwP.js                                                                                             │ esm  │ 31.97 KiB   │
├───────────────────────────────────────────────────────────────────────────────────────────────────────────────────────────────┼──────┼─────────────┤
│ ssr/_next/static/page-C0mWwZ5L.js                                                                                             │ esm  │ 12.54 KiB   │
├───────────────────────────────────────────────────────────────────────────────────────────────────────────────────────────────┼──────┼─────────────┤
│ ssr/_next/static/page-CC9b_09e.js                                                                                             │ esm  │ 4.83 KiB    │
├───────────────────────────────────────────────────────────────────────────────────────────────────────────────────────────────┼──────┼─────────────┤
│ ssr/_next/static/page-CDxhUPwx.js                                                                                             │ esm  │ 31.63 KiB   │
├───────────────────────────────────────────────────────────────────────────────────────────────────────────────────────────────┼──────┼─────────────┤
│ ssr/_next/static/page-CKgDxQQ5.js                                                                                             │ esm  │ 16.00 KiB   │
├───────────────────────────────────────────────────────────────────────────────────────────────────────────────────────────────┼──────┼─────────────┤
│ ssr/_next/static/page-DI5w2zjL.js                                                                                             │ esm  │ 18.91 KiB   │
├───────────────────────────────────────────────────────────────────────────────────────────────────────────────────────────────┼──────┼─────────────┤
│ ssr/_next/static/page-DJuL7PgT.js                                                                                             │ esm  │ 56.39 KiB   │
├───────────────────────────────────────────────────────────────────────────────────────────────────────────────────────────────┼──────┼─────────────┤
│ ssr/_next/static/page-DUL9ET-5.js                                                                                             │ esm  │ 13.19 KiB   │
├───────────────────────────────────────────────────────────────────────────────────────────────────────────────────────────────┼──────┼─────────────┤
│ ssr/_next/static/page-DUwco9CP.js                                                                                             │ esm  │ 1.90 KiB    │
├───────────────────────────────────────────────────────────────────────────────────────────────────────────────────────────────┼──────┼─────────────┤
│ ssr/_next/static/page-DYlcobv5.js                                                                                             │ esm  │ 7.93 KiB    │
├───────────────────────────────────────────────────────────────────────────────────────────────────────────────────────────────┼──────┼─────────────┤
│ ssr/_next/static/page-DZKZ9zr5.js                                                                                             │ esm  │ 14.35 KiB   │
├───────────────────────────────────────────────────────────────────────────────────────────────────────────────────────────────┼──────┼─────────────┤
│ ssr/_next/static/page-DfiUm-fN.js                                                                                             │ esm  │ 36.84 KiB   │
├───────────────────────────────────────────────────────────────────────────────────────────────────────────────────────────────┼──────┼─────────────┤
│ ssr/_next/static/page-GEMswzyT.js                                                                                             │ esm  │ 29.09 KiB   │
├───────────────────────────────────────────────────────────────────────────────────────────────────────────────────────────────┼──────┼─────────────┤
│ ssr/_next/static/page-GPVgKAdC.js                                                                                             │ esm  │ 51.17 KiB   │
├───────────────────────────────────────────────────────────────────────────────────────────────────────────────────────────────┼──────┼─────────────┤
│ ssr/_next/static/page-K50P9Yyz.js                                                                                             │ esm  │ 10.16 KiB   │
├───────────────────────────────────────────────────────────────────────────────────────────────────────────────────────────────┼──────┼─────────────┤
│ ssr/_next/static/page-PvtFhp07.js                                                                                             │ esm  │ 8.87 KiB    │
├───────────────────────────────────────────────────────────────────────────────────────────────────────────────────────────────┼──────┼─────────────┤
│ ssr/_next/static/page-Q6ySpjb5.js                                                                                             │ esm  │ 3.88 KiB    │
├───────────────────────────────────────────────────────────────────────────────────────────────────────────────────────────────┼──────┼─────────────┤
│ ssr/_next/static/page-brNrfCI6.js                                                                                             │ esm  │ 86.25 KiB   │
├───────────────────────────────────────────────────────────────────────────────────────────────────────────────────────────────┼──────┼─────────────┤
│ ssr/_next/static/page-j5PzD9d4.js                                                                                             │ esm  │ 15.33 KiB   │
├───────────────────────────────────────────────────────────────────────────────────────────────────────────────────────────────┼──────┼─────────────┤
│ ssr/_next/static/page-oAn46kDK2.js                                                                                            │ esm  │ 35.30 KiB   │
├───────────────────────────────────────────────────────────────────────────────────────────────────────────────────────────────┼──────┼─────────────┤
│ ssr/_next/static/page-sztseMw5.js                                                                                             │ esm  │ 8.12 KiB    │
├───────────────────────────────────────────────────────────────────────────────────────────────────────────────────────────────┼──────┼─────────────┤
│ ssr/_next/static/page-usO2Kvas.js                                                                                             │ esm  │ 16.22 KiB   │
├───────────────────────────────────────────────────────────────────────────────────────────────────────────────────────────────┼──────┼─────────────┤
│ ssr/_next/static/phase2-dashboard-CPcH3oY6.js                                                                                 │ esm  │ 7.78 KiB    │
├───────────────────────────────────────────────────────────────────────────────────────────────────────────────────────────────┼──────┼─────────────┤
│ ssr/_next/static/play-bJZl1WQd.js                                                                                             │ esm  │ 0.19 KiB    │
├───────────────────────────────────────────────────────────────────────────────────────────────────────────────────────────────┼──────┼─────────────┤
│ ssr/_next/static/practice-mode-CcJiqWJO.js                                                                                    │ esm  │ 0.75 KiB    │
├───────────────────────────────────────────────────────────────────────────────────────────────────────────────────────────────┼──────┼─────────────┤
│ ssr/_next/static/printer-EJpU-1ZD.js                                                                                          │ esm  │ 0.31 KiB    │
├───────────────────────────────────────────────────────────────────────────────────────────────────────────────────────────────┼──────┼─────────────┤
│ ssr/_next/static/progress-DGMREuDQ.js                                                                                         │ esm  │ 2.11 KiB    │
├───────────────────────────────────────────────────────────────────────────────────────────────────────────────────────────────┼──────┼─────────────┤
│ ssr/_next/static/refresh-cw-6UhKylgY.js                                                                                       │ esm  │ 0.31 KiB    │
├───────────────────────────────────────────────────────────────────────────────────────────────────────────────────────────────┼──────┼─────────────┤
│ ssr/_next/static/rotate-ccw-BRZGTPhF.js                                                                                       │ esm  │ 0.20 KiB    │
├───────────────────────────────────────────────────────────────────────────────────────────────────────────────────────────────┼──────┼─────────────┤
│ ssr/_next/static/search-CURdARrm.js                                                                                           │ esm  │ 143.78 KiB  │
├───────────────────────────────────────────────────────────────────────────────────────────────────────────────────────────────┼──────┼─────────────┤
│ ssr/_next/static/settings-2-Jp0nlv77.js                                                                                       │ esm  │ 0.25 KiB    │
├───────────────────────────────────────────────────────────────────────────────────────────────────────────────────────────────┼──────┼─────────────┤
│ ssr/_next/static/shield-check-DCGkpYto.js                                                                                     │ esm  │ 0.31 KiB    │
├───────────────────────────────────────────────────────────────────────────────────────────────────────────────────────────────┼──────┼─────────────┤
│ ssr/_next/static/soroban-BbIdEcNJ.js                                                                                          │ esm  │ 2.17 KiB    │
├───────────────────────────────────────────────────────────────────────────────────────────────────────────────────────────────┼──────┼─────────────┤
│ ssr/_next/static/soroban-curriculum-C-h_bk4V.js                                                                               │ esm  │ 10.22 KiB   │
├───────────────────────────────────────────────────────────────────────────────────────────────────────────────────────────────┼──────┼─────────────┤
│ ssr/_next/static/sparkles-DywGwuw1.js                                                                                         │ esm  │ 0.48 KiB    │
├───────────────────────────────────────────────────────────────────────────────────────────────────────────────────────────────┼──────┼─────────────┤
│ ssr/_next/static/static.edge-IqRtACPa.js                                                                                      │ esm  │ 0.16 KiB    │
├───────────────────────────────────────────────────────────────────────────────────────────────────────────────────────────────┼──────┼─────────────┤
│ ssr/_next/static/streamed-icons-C-LGb6Fs.js                                                                                   │ esm  │ 0.67 KiB    │
├───────────────────────────────────────────────────────────────────────────────────────────────────────────────────────────────┼──────┼─────────────┤
│ ssr/_next/static/target-CZOOgXey.js                                                                                           │ esm  │ 0.22 KiB    │
├───────────────────────────────────────────────────────────────────────────────────────────────────────────────────────────────┼──────┼─────────────┤
│ ssr/_next/static/timer-D0uZ-td6.js                                                                                            │ esm  │ 0.23 KiB    │
├───────────────────────────────────────────────────────────────────────────────────────────────────────────────────────────────┼──────┼─────────────┤
│ ssr/_next/static/user-round-C7p1gfRj.js                                                                                       │ esm  │ 0.18 KiB    │
├───────────────────────────────────────────────────────────────────────────────────────────────────────────────────────────────┼──────┼─────────────┤
│ ssr/_next/static/valueToPercent-DuIqYatp.js                                                                                   │ esm  │ 0.61 KiB    │
├───────────────────────────────────────────────────────────────────────────────────────────────────────────────────────────────┼──────┼─────────────┤
│ ssr/_next/static/wifi-off-CexrOOAx.js                                                                                         │ esm  │ 0.67 KiB    │
├───────────────────────────────────────────────────────────────────────────────────────────────────────────────────────────────┼──────┼─────────────┤
│ ssr/index.js                                                                                                                  │ esm  │ 275.89 KiB  │
├───────────────────────────────────────────────────────────────────────────────────────────────────────────────────────────────┼──────┼─────────────┤
│ ssr/vinext-client-assets.js                                                                                                   │ esm  │ 28.78 KiB   │
├───────────────────────────────────────────────────────────────────────────────────────────────────────────────────────────────┼──────┼─────────────┤
│ vinext-client-assets.js                                                                                                       │ esm  │ 28.78 KiB   │
├───────────────────────────────────────────────────────────────────────────────────────────────────────────────────────────────┼──────┼─────────────┤
│ Total (231 modules)                                                                                                           │      │ 2272.58 KiB │
└───────────────────────────────────────────────────────────────────────────────────────────────────────────────────────────────┴──────┴─────────────┘
🌀 Building list of assets...
✨ Read 126 files from the assets directory /workspace/cza-issue-82/dist/client
🌀 Starting asset upload...
🌀 Found 83 new or modified static assets to upload. Proceeding with upload...
+ /vinext-client-entry-manifest.json
+ /_next/static/chunks/chevron-right-5VC0qiK3.js
+ /_next/static/chunks/arrow-right-CYyQDefJ.js
+ /_next/static/chunks/gauge-Cd-vMSRw.js
+ /_next/static/chunks/play-4GH8HfK8.js
+ /_next/static/chunks/log-out-BD_cEj96.js
+ /_next/static/chunks/settings-2-DlL0cbxn.js
+ /_next/static/chunks/lightbulb-B0CRbgpO.js
+ /_next/static/chunks/audio-lines-B0WZ6bwO.js
+ /_next/static/chunks/refresh-cw-Ck20Wyfr.js
+ /_next/static/chunks/key-round-CkH9Q3qp.js
+ /_next/static/chunks/hand-iLZFGk3e.js
+ /_next/static/chunks/calendar-days-BZGf8aD8.js
+ /_next/static/chunks/brain-ZWju_KOr.js
+ /_next/static/chunks/app-route-prefetch-policy-CMfDXJEK.js
+ /_next/static/chunks/soroban-B1D8pHbA.js
+ /_next/static/chunks/page-CW830UnL.js
+ /_next/static/chunks/phase2-dashboard-DJw2vxFh.js
+ /_next/static/chunks/page-BdHL4deX.js
+ /_next/static/chunks/page-CjcItRrA.js
+ /_next/static/chunks/page-DJwev20N.js
+ /_next/static/chunks/page-FtAGlX3d.js
+ /_next/static/chunks/page-e8X7Vdc5.js
+ /_next/static/chunks/page-DfnHsMCu.js
+ /_next/static/chunks/page-DPBPaPK-.js
+ /_next/static/chunks/coaching-center-lopDojZ7.js
+ /_next/static/chunks/page-SZTBY7oD.js
+ /_next/static/chunks/demo-session-qKN8DYQ7.js
+ /_next/static/chunks/check-CXYvyBYV.js
+ /_next/static/chunks/loader-circle-C_6KcQQZ.js
+ /_next/static/chunks/clock-3-DGWKLdD6.js
+ /_next/static/chunks/circle-check-g6KdQBnZ.js
+ /_next/static/chunks/rotate-ccw-BhWVznMt.js
+ /_next/static/chunks/timer-BcI7_gUn.js
+ /_next/static/chunks/lock-keyhole-B_EaWall.js
+ /_next/static/chunks/grid-3x3-KX8x3qYY.js
+ /_next/static/chunks/printer-ig2I3W5Q.js
+ /_next/static/chunks/graduation-cap-B9IghyoN.js
+ /_next/static/chunks/file-text-CqBUlsX_.js
+ /_next/static/chunks/clipboard-list-D3cqyU1k.js
+ /_next/static/chunks/layout-segment-context-dWZbhG9r.js
+ /_next/static/chunks/wifi-D_UCBHNb.js
+ /_next/static/chunks/page-BbeY7pMn.js
+ /_next/static/chunks/package-access-gate-DfQn4VVy.js
+ /_next/static/chunks/page-B8RTNJZD.js
+ /_next/static/chunks/page-D_0WqTwy.js
+ /_next/static/chunks/page-D09KxC1t.js
+ /_next/static/chunks/page-BjviEGdS.js
+ /_next/static/chunks/page-CObMYOm1.js
+ /_next/static/chunks/page-CT6DYao3.js
+ /_next/static/chunks/page-DlhmHyqT.js
+ /_next/static/chunks/page-BA9vkWyj.js
+ /_next/static/chunks/page-agVg85_H.js
+ /_next/static/chunks/page-DQeb3PX-.js
+ /_next/static/chunks/page-B88IUu8X.js
+ /_next/static/chunks/index-lQUog2tV.js
+ /_next/static/chunks/chevron-down-DnZ3wtrY.js
+ /_next/static/chunks/arrow-left-CbYWpR4E.js
+ /_next/static/chunks/page-CmEQX9zQ.js
+ /_next/static/chunks/user-round-C1Mf9d_D.js
+ /_next/static/chunks/target-yrotpIET.js
+ /_next/static/chunks/circle-question-mark-XclGJNOL.js
+ /_next/static/chunks/eye-DSwxy9_L.js
+ /_next/static/chunks/clipboard-check-DlyC7n3J.js
+ /_next/static/chunks/shield-check-D6oSxuJd.js
+ /_next/static/chunks/book-open-check-QeXtFFTs.js
+ /_next/static/chunks/lesson-session-U4qpR6jS.js
+ /_next/static/chunks/assigned-session-CyMQY11z.js
+ /_next/static/chunks/sparkles-CXPnWJ75.js
+ /_next/static/chunks/brain-circuit-CvJf8OK3.js
+ /_next/static/chunks/progress-5iTWwUcI.js
+ /_next/static/chunks/book-preparation-access-DNU5pj0E.js
+ /_next/static/chunks/input-CtWSZ8v5.js
+ /_next/static/chunks/page-AsnNpjFy.js
+ /_next/static/chunks/guardian-panel-BHkiC2r3.js
+ /_next/static/chunks/book-preparation-workspace-BtxiG2zx.js
+ /_next/static/chunks/page-BDI7VRyb.js
+ /_next/static/chunks/attention-workspace-Dl4JCel7.js
+ /_next/static/chunks/page-DazAn5wW.js
+ /_next/static/chunks/fast-reading-workspace-f7HxiDWL.js
+ /_next/static/chunks/page-CDpM8OTg.js
+ /_next/static/chunks/page-BmyrKaem.js
+ /_next/static/chunks/page-BTNu-VtQ.js
Uploaded 27 of 83 assets
Uploaded 55 of 83 assets
Uploaded 83 of 83 assets
✨ Success! Uploaded 83 files (30 already uploaded) (2.31 sec)

Total Upload: 2563.64 KiB / gzip: 682.54 KiB
Worker Startup Time: 14 ms
Your Worker has access to the following bindings:
Binding                                                                      Resource                  
env.CZA_EDUCATOR_AUTH_MODE ("neon-qa")                                       Environment Variable      
env.CZA_NEON_AUTH_BASE_URL ("https://ep-polished-pine-b1r2qmye.neo...")      Environment Variable      

Uploaded cza-v01-isolated-synthetic-20261010 (11.29 sec)
Deployed cza-v01-isolated-synthetic-20261010 triggers (2.49 sec)
  https://cza-v01-isolated-synthetic-20261010.cza-staging-habip.workers.dev
Current Version ID: e5fd0a22-6e24-43df-a812-12ca6ac13777

Cloudflare collects anonymous telemetry about your usage of Wrangler. Learn more at https://github.com/cloudflare/workers-sdk/tree/main/packages/wrangler/telemetry.md
